[  2%] Building Fortran object CMakeFiles/test_rrtmgp_frozen.dir/src/module_ra_rrtmgp_hash.F.o
[  5%] Building Fortran object rte_rrtmgp/CMakeFiles/wrf_rrtmgp.dir/rte-frontend/mo_rte_kind.F90.o
[  8%] Building Fortran object rte_rrtmgp/CMakeFiles/wrf_rrtmgp.dir/gas-optics/mo_gas_optics_util_string.F90.o
[ 11%] Building Fortran object rte_rrtmgp/CMakeFiles/wrf_rrtmgp.dir/rte-frontend/mo_rte_util_array_validation.F90.o
[ 14%] Building Fortran object rte_rrtmgp/CMakeFiles/wrf_rrtmgp.dir/rte-kernels/mo_optical_props_kernels.F90.o
[ 17%] Building Fortran object rte_rrtmgp/CMakeFiles/wrf_rrtmgp.dir/rte-kernels/mo_fluxes_broadband_kernels.F90.o
[ 22%] Building Fortran object rte_rrtmgp/CMakeFiles/wrf_rrtmgp.dir/rte-frontend/mo_rte_config.F90.o
[ 22%] Building Fortran object rte_rrtmgp/CMakeFiles/wrf_rrtmgp.dir/rte-kernels/mo_rte_util_array.F90.o
[ 25%] Building Fortran object rte_rrtmgp/CMakeFiles/wrf_rrtmgp.dir/extensions/mo_simple_netcdf.F90.o
[ 28%] Building Fortran object rte_rrtmgp/CMakeFiles/wrf_rrtmgp.dir/gas-optics/mo_gas_optics_constants.F90.o
[ 28%] Building Fortran object rte_rrtmgp/CMakeFiles/wrf_rrtmgp.dir/rte-frontend/mo_rte_scalar_math.F90.o
[ 31%] Building Fortran object CMakeFiles/test_rrtmgp_frozen.dir/src/module_ra_rrtmgp_frozen.F.o
[ 37%] Building Fortran object rte_rrtmgp/CMakeFiles/wrf_rrtmgp.dir/rte-kernels/mo_rte_solver_kernels.F90.o
[ 37%] Building Fortran object rte_rrtmgp/CMakeFiles/wrf_rrtmgp.dir/rrtmgp-kernels/mo_gas_optics_rrtmgp_kernels.F90.o
[ 42%] Building Fortran object rte_rrtmgp/CMakeFiles/wrf_rrtmgp.dir/extensions/mo_heating_rates.F90.o
[ 42%] Building Fortran object rte_rrtmgp/CMakeFiles/wrf_rrtmgp.dir/gas-optics/mo_gas_concentrations.F90.o
[ 45%] Building Fortran object rte_rrtmgp/CMakeFiles/wrf_rrtmgp.dir/rte-frontend/mo_optical_props.F90.o
[ 48%] Linking Fortran static library libtest_rrtmgp_frozen.a
[ 48%] Built target test_rrtmgp_frozen
[ 54%] Building Fortran object rte_rrtmgp/CMakeFiles/wrf_rrtmgp.dir/extensions/mo_cloud_sampling.F90.o
[ 57%] Building Fortran object rte_rrtmgp/CMakeFiles/wrf_rrtmgp.dir/rte-frontend/mo_source_functions.F90.o
[ 57%] Building Fortran object rte_rrtmgp/CMakeFiles/wrf_rrtmgp.dir/rte-frontend/mo_fluxes.F90.o
[ 57%] Building Fortran object rte_rrtmgp/CMakeFiles/wrf_rrtmgp.dir/rrtmgp-frontend/mo_cloud_optics_rrtmgp.F90.o
[ 57%] Building Fortran object rte_rrtmgp/CMakeFiles/wrf_rrtmgp.dir/rrtmgp-frontend/mo_aerosol_optics_rrtmgp_merra.F90.o
[ 62%] Building Fortran object rte_rrtmgp/CMakeFiles/wrf_rrtmgp.dir/extensions/mo_fluxes_byband.F90.o
[ 62%] Building Fortran object rte_rrtmgp/CMakeFiles/wrf_rrtmgp.dir/rte-frontend/mo_rte_sw.F90.o
[ 62%] Building Fortran object rte_rrtmgp/CMakeFiles/wrf_rrtmgp.dir/gas-optics/mo_gas_optics.F90.o
[ 65%] Building Fortran object rte_rrtmgp/CMakeFiles/wrf_rrtmgp.dir/rte-frontend/mo_rte_lw.F90.o
[ 68%] Building Fortran object rte_rrtmgp/CMakeFiles/wrf_rrtmgp.dir/rrtmgp-frontend/mo_gas_optics_rrtmgp.F90.o
[ 71%] Building Fortran object rte_rrtmgp/CMakeFiles/wrf_rrtmgp.dir/extensions/mo_load_cloud_coefficients.F90.o
[ 74%] Building Fortran object rte_rrtmgp/CMakeFiles/wrf_rrtmgp.dir/extensions/mo_load_coefficients.F90.o
[ 77%] Linking Fortran static library libwrf_rrtmgp.a
[ 77%] Built target wrf_rrtmgp
[ 80%] Building Fortran object CMakeFiles/test_rrtmgp_precip.dir/src/module_ra_rrtmgp_precip.F.o
[ 82%] Linking Fortran static library libtest_rrtmgp_precip.a
[ 82%] Built target test_rrtmgp_precip
[ 82%] Building Fortran object CMakeFiles/test_rrtmgp_adapter.dir/src/module_ra_rrtmgp_input.F.o
[ 85%] Building Fortran object CMakeFiles/test_rrtmgp_adapter.dir/src/module_ra_rrtmgp_trace.F.o
[ 88%] Building Fortran object CMakeFiles/test_rrtmgp_adapter.dir/standalone_wrf_error.f90.o
[ 91%] Building Fortran object CMakeFiles/test_rrtmgp_adapter.dir/src/module_ra_rrtmgp.F.o
[ 94%] Linking Fortran static library libtest_rrtmgp_adapter.a
[ 94%] Built target test_rrtmgp_adapter
[ 97%] Building Fortran object CMakeFiles/test_rrtmgp_columns.dir/test_columns.f90.o
[100%] Linking Fortran executable test_rrtmgp_columns
[100%] Built target test_rrtmgp_columns
[ 11%] Built target test_rrtmgp_frozen
[ 77%] Built target wrf_rrtmgp
[ 82%] Built target test_rrtmgp_precip
[ 94%] Built target test_rrtmgp_adapter
[ 97%] Building Fortran object CMakeFiles/test_rrtmgp_multicolumn.dir/test_multicolumn.f90.o
[100%] Linking Fortran executable test_rrtmgp_multicolumn
[100%] Built target test_rrtmgp_multicolumn
[ 20%] Built target test_rrtmgp_frozen
[ 77%] Built target wrf_rrtmgp
[ 82%] Built target test_rrtmgp_precip
[ 94%] Built target test_rrtmgp_adapter
[ 97%] Building Fortran object CMakeFiles/test_rrtmgp_workspace.dir/test_workspace.F90.o
[100%] Linking Fortran executable test_rrtmgp_workspace
[100%] Built target test_rrtmgp_workspace
[ 11%] Built target test_rrtmgp_frozen
[ 77%] Built target wrf_rrtmgp
[ 82%] Built target test_rrtmgp_precip
[ 94%] Built target test_rrtmgp_adapter
[ 97%] Building Fortran object CMakeFiles/test_rrtmgp_sw_predelta_direct.dir/test_sw_predelta_direct.f90.o
[100%] Linking Fortran executable test_rrtmgp_sw_predelta_direct
[100%] Built target test_rrtmgp_sw_predelta_direct
[  8%] Built target test_rrtmgp_frozen
[ 75%] Built target wrf_rrtmgp
[ 80%] Built target test_rrtmgp_precip
[ 86%] Building Fortran object CMakeFiles/test_rrtmgp_adapter_fault_lw_clear_flux_nan.dir/src/module_ra_rrtmgp_trace.F.o
[ 86%] Building Fortran object CMakeFiles/test_rrtmgp_adapter_fault_lw_clear_flux_nan.dir/src/module_ra_rrtmgp_input.F.o
[ 88%] Building Fortran object CMakeFiles/test_rrtmgp_adapter_fault_lw_clear_flux_nan.dir/standalone_wrf_error.f90.o
[ 91%] Building Fortran object CMakeFiles/test_rrtmgp_adapter_fault_lw_clear_flux_nan.dir/output-finite-fault-src/module_ra_rrtmgp_lw_clear_flux_nan.F.o
[ 94%] Linking Fortran static library libtest_rrtmgp_adapter_fault_lw_clear_flux_nan.a
[ 94%] Built target test_rrtmgp_adapter_fault_lw_clear_flux_nan
[ 97%] Building Fortran object CMakeFiles/test_rrtmgp_output_finite_lw_clear_flux_nan.dir/test_output_finite_fault.f90.o
[100%] Linking Fortran executable test_rrtmgp_output_finite_lw_clear_flux_nan
[100%] Built target test_rrtmgp_output_finite_lw_clear_flux_nan
[ 17%] Built target test_rrtmgp_frozen
[ 79%] Built target wrf_rrtmgp
[ 85%] Built target test_rrtmgp_precip
[ 88%] Building Fortran object CMakeFiles/test_rrtmgp_adapter_fault_sw_allsky_heat_nan.dir/src/module_ra_rrtmgp_trace.F.o
[ 88%] Building Fortran object CMakeFiles/test_rrtmgp_adapter_fault_sw_allsky_heat_nan.dir/src/module_ra_rrtmgp_input.F.o
[ 91%] Building Fortran object CMakeFiles/test_rrtmgp_adapter_fault_sw_allsky_heat_nan.dir/standalone_wrf_error.f90.o
[ 94%] Building Fortran object CMakeFiles/test_rrtmgp_adapter_fault_sw_allsky_heat_nan.dir/output-finite-fault-src/module_ra_rrtmgp_sw_allsky_heat_nan.F.o
[ 97%] Linking Fortran static library libtest_rrtmgp_adapter_fault_sw_allsky_heat_nan.a
[ 97%] Built target test_rrtmgp_adapter_fault_sw_allsky_heat_nan
[ 97%] Building Fortran object CMakeFiles/test_rrtmgp_output_finite_sw_allsky_heat_nan.dir/test_output_finite_fault.f90.o
[100%] Linking Fortran executable test_rrtmgp_output_finite_sw_allsky_heat_nan
[100%] Built target test_rrtmgp_output_finite_sw_allsky_heat_nan
[  8%] Built target test_rrtmgp_frozen
[ 77%] Built target wrf_rrtmgp
[ 82%] Built target test_rrtmgp_precip
[ 88%] Building Fortran object CMakeFiles/test_rrtmgp_adapter_fault_lw_allsky_default_overflow.dir/src/module_ra_rrtmgp_input.F.o
[ 88%] Building Fortran object CMakeFiles/test_rrtmgp_adapter_fault_lw_allsky_default_overflow.dir/src/module_ra_rrtmgp_trace.F.o
[ 91%] Building Fortran object CMakeFiles/test_rrtmgp_adapter_fault_lw_allsky_default_overflow.dir/standalone_wrf_error.f90.o
[ 94%] Building Fortran object CMakeFiles/test_rrtmgp_adapter_fault_lw_allsky_default_overflow.dir/output-finite-fault-src/module_ra_rrtmgp_lw_allsky_default_overflow.F.o
[ 94%] Linking Fortran static library libtest_rrtmgp_adapter_fault_lw_allsky_default_overflow.a
[ 94%] Built target test_rrtmgp_adapter_fault_lw_allsky_default_overflow
[ 97%] Building Fortran object CMakeFiles/test_rrtmgp_output_finite_lw_allsky_default_overflow.dir/test_output_finite_fault.f90.o
[100%] Linking Fortran executable test_rrtmgp_output_finite_lw_allsky_default_overflow
[100%] Built target test_rrtmgp_output_finite_lw_allsky_default_overflow
