Internal ctest changing into directory: /NHNHOME/WORKSPACE/26weather002_A/yhlee/RRTMGP/build/udm37-output-finite-components-v1
Test project /NHNHOME/WORKSPACE/26weather002_A/yhlee/RRTMGP/build/udm37-output-finite-components-v1
      Start 12: workspace_reuse_states_mode0
 1/11 Test #12: workspace_reuse_states_mode0 ......................   Passed   21.43 sec
      Start 13: workspace_reuse_states_mode1
 2/11 Test #13: workspace_reuse_states_mode1 ......................   Passed   22.44 sec
      Start 15: wrf_rrtmgp_columns
 3/11 Test #15: wrf_rrtmgp_columns ................................   Passed    0.12 sec
      Start 45: multi_column_equivalence
 4/11 Test #45: multi_column_equivalence ..........................   Passed    0.30 sec
      Start 49: sw_predelta_direct_clear
 5/11 Test #49: sw_predelta_direct_clear ..........................   Passed    0.11 sec
      Start 50: sw_predelta_direct_cloud
 6/11 Test #50: sw_predelta_direct_cloud ..........................   Passed    0.12 sec
      Start 51: sw_predelta_direct_overlap_zero
 7/11 Test #51: sw_predelta_direct_overlap_zero ...................   Passed    0.11 sec
      Start 52: sw_predelta_direct_night
 8/11 Test #52: sw_predelta_direct_night ..........................   Passed    0.11 sec
      Start 92: reject_output_finite_lw_clear_flux_nan
 9/11 Test #92: reject_output_finite_lw_clear_flux_nan ............   Passed    0.20 sec
      Start 93: reject_output_finite_sw_allsky_heat_nan
10/11 Test #93: reject_output_finite_sw_allsky_heat_nan ...........   Passed    0.19 sec
      Start 94: reject_output_finite_lw_allsky_default_overflow
11/11 Test #94: reject_output_finite_lw_allsky_default_overflow ...   Passed    0.20 sec

100% tests passed, 0 tests failed out of 11

Total Test time (real) =  45.34 sec
